gdsStdFillerCell
FIL16HM
FIL1HM
FIL2HM
FIL32HM
FIL4HM
FIL64HM
FIL8HM
FILE128HM
FILE16HM
FILE32HM
FILE3HM
FILE4HM
FILE64HM
FILE8HM
gdsStandardCell
ADFM0HM
ADFM1HM
ADFM2HM
ADFM4HM
ADFM8HM
ADHM0HM
ADHM1HM
ADHM2HM
ADHM4HM
ADHM8HM
AN2M0HM
AN2M12HM
AN2M16HM
AN2M1HM
AN2M2HM
AN2M4HM
AN2M6HM
AN2M8HM
AN3M0HM
AN3M12HM
AN3M16HM
AN3M1HM
AN3M2HM
AN3M4HM
AN3M6HM
AN3M8HM
AN4M0HM
AN4M12HM
AN4M16HM
AN4M1HM
AN4M2HM
AN4M4HM
AN4M6HM
AN4M8HM
ANTHM
AO211M0HM
AO211M1HM
AO211M2HM
AO211M4HM
AO211M8HM
AO21M0HM
AO21M1HM
AO21M2HM
AO21M4HM
AO21M8HM
AO221M0HM
AO221M1HM
AO221M2HM
AO221M4HM
AO221M8HM
AO222M0HM
AO222M1HM
AO222M2HM
AO222M4HM
AO222M8HM
AO22B10M0HM
AO22B10M1HM
AO22B10M2HM
AO22B10M4HM
AO22B10M8HM
AO22B11M0HM
AO22B11M1HM
AO22B11M2HM
AO22B11M4HM
AO22B11M8HM
AO22M0HM
AO22M1HM
AO22M2HM
AO22M4HM
AO22M8HM
AO31M0HM
AO31M1HM
AO31M2HM
AO31M4HM
AO31M8HM
AO32M0HM
AO32M1HM
AO32M2HM
AO32M4HM
AO32M8HM
AO33M0HM
AO33M1HM
AO33M2HM
AO33M4HM
AO33M8HM
AOI211M0HM
AOI211M1HM
AOI211M2HM
AOI211M4HM
AOI211M8HM
AOI21B01M0HM
AOI21B01M1HM
AOI21B01M2HM
AOI21B01M4HM
AOI21B01M8HM
AOI21B10M0HM
AOI21B10M1HM
AOI21B10M2HM
AOI21B10M4HM
AOI21B10M8HM
AOI21B20M0HM
AOI21B20M1HM
AOI21B20M2HM
AOI21B20M4HM
AOI21B20M8HM
AOI21M0HM
AOI21M1HM
AOI21M2HM
AOI21M3HM
AOI21M4HM
AOI21M6HM
AOI21M8HM
AOI221M0HM
AOI221M1HM
AOI221M2HM
AOI221M4HM
AOI221M8HM
AOI222M0HM
AOI222M1HM
AOI222M2HM
AOI222M4HM
AOI222M8HM
AOI22B20M0HM
AOI22B20M1HM
AOI22B20M2HM
AOI22B20M4HM
AOI22B20M8HM
AOI22M0HM
AOI22M1HM
AOI22M2HM
AOI22M4HM
AOI22M8HM
AOI31M0HM
AOI31M1HM
AOI31M2HM
AOI31M4HM
AOI31M8HM
AOI32M0HM
AOI32M1HM
AOI32M2HM
AOI32M4HM
AOI32M8HM
AOI33M0HM
AOI33M1HM
AOI33M2HM
AOI33M4HM
AOI33M8HM
BHDM1HM
BUFM10HM
BUFM12HM
BUFM14HM
BUFM16HM
BUFM18HM
BUFM20HM
BUFM24HM
BUFM28HM
BUFM2HM
BUFM32HM
BUFM36HM
BUFM3HM
BUFM40HM
BUFM48HM
BUFM4HM
BUFM5HM
BUFM6HM
BUFM8HM
BUFTM12HM
BUFTM16HM
BUFTM1HM
BUFTM20HM
BUFTM24HM
BUFTM2HM
BUFTM3HM
BUFTM4HM
BUFTM6HM
BUFTM8HM
CKAN2M12HM
CKAN2M16HM
CKAN2M2HM
CKAN2M3HM
CKAN2M4HM
CKAN2M6HM
CKAN2M8HM
CKBUFM12HM
CKBUFM16HM
CKBUFM1HM
CKBUFM20HM
CKBUFM24HM
CKBUFM2HM
CKBUFM32HM
CKBUFM3HM
CKBUFM40HM
CKBUFM48HM
CKBUFM4HM
CKBUFM6HM
CKBUFM8HM
CKINVM12HM
CKINVM16HM
CKINVM1HM
CKINVM20HM
CKINVM24HM
CKINVM2HM
CKINVM32HM
CKINVM3HM
CKINVM40HM
CKINVM48HM
CKINVM4HM
CKINVM6HM
CKINVM8HM
CKMUX2M12HM
CKMUX2M2HM
CKMUX2M3HM
CKMUX2M4HM
CKMUX2M6HM
CKMUX2M8HM
CKND2M12HM
CKND2M16HM
CKND2M2HM
CKND2M4HM
CKND2M6HM
CKND2M8HM
CKXOR2M12HM
CKXOR2M1HM
CKXOR2M2HM
CKXOR2M4HM
CKXOR2M8HM
DEL1M1HM
DEL1M4HM
DEL2M1HM
DEL2M4HM
DEL3M1HM
DEL3M4HM
DEL4M1HM
DEL4M4HM
DFCM1HM
DFCM2HM
DFCM4HM
DFCM8HM
DFCQM1HM
DFCQM2HM
DFCQM4HM
DFCQM8HM
DFCQRSM1HM
DFCQRSM2HM
DFCQRSM4HM
DFCQRSM8HM
DFCRSM1HM
DFCRSM2HM
DFCRSM4HM
DFCRSM8HM
DFEM1HM
DFEM2HM
DFEM4HM
DFEM8HM
DFEQM1HM
DFEQM2HM
DFEQM4HM
DFEQM8HM
DFEQRM1HM
DFEQRM2HM
DFEQRM4HM
DFEQRM8HM
DFEQZRM1HM
DFEQZRM2HM
DFEQZRM4HM
DFEQZRM8HM
DFERM1HM
DFERM2HM
DFERM4HM
DFERM8HM
DFEZRM1HM
DFEZRM2HM
DFEZRM4HM
DFEZRM8HM
DFM1HM
DFM2HM
DFM4HM
DFM8HM
DFMM1HM
DFMM2HM
DFMM4HM
DFMM8HM
DFMQM1HM
DFMQM2HM
DFMQM4HM
DFMQM8HM
DFQM1HM
DFQM2HM
DFQM4HM
DFQM8HM
DFQRM1HM
DFQRM2HM
DFQRM4HM
DFQRM8HM
DFQRSM1HM
DFQRSM2HM
DFQRSM4HM
DFQRSM8HM
DFQSM1HM
DFQSM2HM
DFQSM4HM
DFQSM8HM
DFQZRM1HM
DFQZRM2HM
DFQZRM4HM
DFQZRM8HM
DFRM1HM
DFRM2HM
DFRM4HM
DFRM8HM
DFRSM1HM
DFRSM2HM
DFRSM4HM
DFRSM8HM
DFSM1HM
DFSM2HM
DFSM4HM
DFSM8HM
DFZRM1HM
DFZRM2HM
DFZRM4HM
DFZRM8HM
INVM0HM
INVM10HM
INVM12HM
INVM14HM
INVM16HM
INVM18HM
INVM1HM
INVM20HM
INVM24HM
INVM28HM
INVM2HM
INVM32HM
INVM36HM
INVM3HM
INVM40HM
INVM48HM
INVM4HM
INVM5HM
INVM6HM
INVM8HM
LACM0HM
LACM1HM
LACM2HM
LACM4HM
LACQM0HM
LACQM1HM
LACQM2HM
LACQM4HM
LACQRSM0HM
LACQRSM1HM
LACQRSM2HM
LACQRSM4HM
LACRSM0HM
LACRSM1HM
LACRSM2HM
LACRSM4HM
LAGCECSM12HM
LAGCECSM16HM
LAGCECSM20HM
LAGCECSM2HM
LAGCECSM3HM
LAGCECSM4HM
LAGCECSM6HM
LAGCECSM8HM
LAGCEM12HM
LAGCEM16HM
LAGCEM20HM
LAGCEM2HM
LAGCEM3HM
LAGCEM4HM
LAGCEM6HM
LAGCEM8HM
LAGCESM12HM
LAGCESM16HM
LAGCESM20HM
LAGCESM2HM
LAGCESM3HM
LAGCESM4HM
LAGCESM6HM
LAGCESM8HM
LAM0HM
LAM1HM
LAM2HM
LAM4HM
LAQM0HM
LAQM1HM
LAQM2HM
LAQM4HM
LAQRSM0HM
LAQRSM1HM
LAQRSM2HM
LAQRSM4HM
LARSM0HM
LARSM1HM
LARSM2HM
LARSM4HM
MAO222M0HM
MAO222M1HM
MAO222M2HM
MAO222M4HM
MAOI2223M0HM
MAOI2223M1HM
MAOI2223M2HM
MAOI2223M4HM
MAOI222M0HM
MAOI222M1HM
MAOI222M2HM
MAOI222M4HM
MAOI22M0HM
MAOI22M1HM
MAOI22M2HM
MAOI22M4HM
MOAI22M0HM
MOAI22M1HM
MOAI22M2HM
MOAI22M4HM
MUX2M0HM
MUX2M1HM
MUX2M2HM
MUX2M3HM
MUX2M4HM
MUX2M6HM
MUX2M8HM
MUX3M0HM
MUX3M1HM
MUX3M2HM
MUX3M4HM
MUX4M0HM
MUX4M1HM
MUX4M2HM
MUX4M4HM
MXB2M0HM
MXB2M1HM
MXB2M2HM
MXB2M3HM
MXB2M4HM
MXB2M6HM
MXB2M8HM
MXB3M0HM
MXB3M1HM
MXB3M2HM
MXB3M4HM
MXB4M0HM
MXB4M1HM
MXB4M2HM
MXB4M4HM
ND2B1M0HM
ND2B1M12HM
ND2B1M1HM
ND2B1M2HM
ND2B1M4HM
ND2B1M8HM
ND2M0HM
ND2M12HM
ND2M16HM
ND2M1HM
ND2M2HM
ND2M3HM
ND2M4HM
ND2M5HM
ND2M6HM
ND2M8HM
ND3B1M0HM
ND3B1M1HM
ND3B1M2HM
ND3B1M4HM
ND3B1M8HM
ND3M0HM
ND3M12HM
ND3M16HM
ND3M1HM
ND3M2HM
ND3M3HM
ND3M4HM
ND3M6HM
ND3M8HM
ND4B1M0HM
ND4B1M1HM
ND4B1M2HM
ND4B1M4HM
ND4B1M8HM
ND4B2M0HM
ND4B2M1HM
ND4B2M2HM
ND4B2M4HM
ND4B2M8HM
ND4M0HM
ND4M12HM
ND4M16HM
ND4M1HM
ND4M2HM
ND4M4HM
ND4M6HM
ND4M8HM
NR2B1M0HM
NR2B1M12HM
NR2B1M1HM
NR2B1M2HM
NR2B1M4HM
NR2B1M8HM
NR2M0HM
NR2M12HM
NR2M16HM
NR2M1HM
NR2M2HM
NR2M3HM
NR2M4HM
NR2M5HM
NR2M6HM
NR2M8HM
NR3B1M0HM
NR3B1M1HM
NR3B1M2HM
NR3B1M4HM
NR3B1M8HM
NR3M0HM
NR3M12HM
NR3M16HM
NR3M1HM
NR3M2HM
NR3M4HM
NR3M6HM
NR3M8HM
NR4B1M0HM
NR4B1M1HM
NR4B1M2HM
NR4B1M4HM
NR4B1M8HM
NR4B2M0HM
NR4B2M1HM
NR4B2M2HM
NR4B2M4HM
NR4B2M8HM
NR4M0HM
NR4M12HM
NR4M16HM
NR4M1HM
NR4M2HM
NR4M4HM
NR4M6HM
NR4M8HM
OA211M0HM
OA211M1HM
OA211M2HM
OA211M4HM
OA211M8HM
OA21M0HM
OA21M1HM
OA21M2HM
OA21M4HM
OA21M8HM
OA221M0HM
OA221M1HM
OA221M2HM
OA221M4HM
OA221M8HM
OA222M0HM
OA222M1HM
OA222M2HM
OA222M4HM
OA222M8HM
OA22M0HM
OA22M1HM
OA22M2HM
OA22M4HM
OA22M8HM
OA31M0HM
OA31M1HM
OA31M2HM
OA31M4HM
OA31M8HM
OA32M0HM
OA32M1HM
OA32M2HM
OA32M4HM
OA32M8HM
OA33M0HM
OA33M1HM
OA33M2HM
OA33M4HM
OA33M8HM
OAI211B100M0HM
OAI211B100M1HM
OAI211B100M2HM
OAI211B100M4HM
OAI211B100M8HM
OAI211M0HM
OAI211M1HM
OAI211M2HM
OAI211M4HM
OAI211M8HM
OAI21B01M0HM
OAI21B01M1HM
OAI21B01M2HM
OAI21B01M4HM
OAI21B01M8HM
OAI21B10M0HM
OAI21B10M1HM
OAI21B10M2HM
OAI21B10M4HM
OAI21B10M8HM
OAI21B20M0HM
OAI21B20M1HM
OAI21B20M2HM
OAI21B20M4HM
OAI21B20M8HM
OAI21M0HM
OAI21M1HM
OAI21M2HM
OAI21M3HM
OAI21M4HM
OAI21M6HM
OAI21M8HM
OAI221M0HM
OAI221M1HM
OAI221M2HM
OAI221M4HM
OAI221M8HM
OAI222M0HM
OAI222M1HM
OAI222M2HM
OAI222M4HM
OAI222M8HM
OAI22B10M0HM
OAI22B10M1HM
OAI22B10M2HM
OAI22B10M4HM
OAI22B10M8HM
OAI22B20M0HM
OAI22B20M1HM
OAI22B20M2HM
OAI22B20M4HM
OAI22B20M8HM
OAI22M0HM
OAI22M1HM
OAI22M2HM
OAI22M4HM
OAI22M8HM
OAI31M0HM
OAI31M1HM
OAI31M2HM
OAI31M4HM
OAI31M8HM
OAI32M0HM
OAI32M1HM
OAI32M2HM
OAI32M4HM
OAI32M8HM
OAI33M0HM
OAI33M1HM
OAI33M2HM
OAI33M4HM
OAI33M8HM
OR2M0HM
OR2M12HM
OR2M16HM
OR2M1HM
OR2M2HM
OR2M4HM
OR2M6HM
OR2M8HM
OR3M0HM
OR3M12HM
OR3M16HM
OR3M1HM
OR3M2HM
OR3M4HM
OR3M6HM
OR3M8HM
OR4M0HM
OR4M12HM
OR4M16HM
OR4M1HM
OR4M2HM
OR4M4HM
OR4M6HM
OR4M8HM
OR6M0HM
OR6M12HM
OR6M1HM
OR6M2HM
OR6M4HM
OR6M6HM
OR6M8HM
SDFCM1HM
SDFCM2HM
SDFCM4HM
SDFCM8HM
SDFCQM1HM
SDFCQM2HM
SDFCQM4HM
SDFCQM8HM
SDFCQRSM1HM
SDFCQRSM2HM
SDFCQRSM4HM
SDFCQRSM8HM
SDFCRSM1HM
SDFCRSM2HM
SDFCRSM4HM
SDFCRSM8HM
SDFEM1HM
SDFEM2HM
SDFEM4HM
SDFEM8HM
SDFEQM1HM
SDFEQM2HM
SDFEQM4HM
SDFEQM8HM
SDFEQRM1HM
SDFEQRM2HM
SDFEQRM4HM
SDFEQRM8HM
SDFEQZRM1HM
SDFEQZRM2HM
SDFEQZRM4HM
SDFEQZRM8HM
SDFERM1HM
SDFERM2HM
SDFERM4HM
SDFERM8HM
SDFEZRM1HM
SDFEZRM2HM
SDFEZRM4HM
SDFEZRM8HM
SDFM1HM
SDFM2HM
SDFM4HM
SDFM8HM
SDFMM1HM
SDFMM2HM
SDFMM4HM
SDFMM8HM
SDFMQM1HM
SDFMQM2HM
SDFMQM4HM
SDFMQM8HM
SDFQM1HM
SDFQM2HM
SDFQM4HM
SDFQM8HM
SDFQRM1HM
SDFQRM2HM
SDFQRM4HM
SDFQRM8HM
SDFQRSM1HM
SDFQRSM2HM
SDFQRSM4HM
SDFQRSM8HM
SDFQRXM2HM
SDFQSM1HM
SDFQSM2HM
SDFQSM4HM
SDFQSM8HM
SDFQZRM1HM
SDFQZRM2HM
SDFQZRM4HM
SDFQZRM8HM
SDFRM1HM
SDFRM2HM
SDFRM4HM
SDFRM8HM
SDFRSM1HM
SDFRSM2HM
SDFRSM4HM
SDFRSM8HM
SDFSM1HM
SDFSM2HM
SDFSM4HM
SDFSM8HM
SDFZRM1HM
SDFZRM2HM
SDFZRM4HM
SDFZRM8HM
TIE0HM
TIE1HM
WT2HM
WTBB2HM
WTBN2HM
WTBP2HM
XNR2M0HM
XNR2M1HM
XNR2M2HM
XNR2M4HM
XNR3M0HM
XNR3M1HM
XNR3M2HM
XNR3M4HM
XNR4M0HM
XNR4M1HM
XNR4M2HM
XNR4M4HM
XOR2M0HM
XOR2M1HM
XOR2M2HM
XOR2M3HM
XOR2M4HM
XOR2M6HM
XOR2M8HM
XOR3M0HM
XOR3M1HM
XOR3M2HM
XOR3M4HM
XOR4M0HM
XOR4M1HM
XOR4M2HM
XOR4M4HM
